C51 COMPILER V9.01   TRACE                                                                 02/23/2017 22:54:03 PAGE 1   


C51 COMPILER V9.01, COMPILATION OF MODULE TRACE
OBJECT MODULE PLACED IN .\hex\trace.obj
COMPILER INVOKED BY: D:\Keil_C51\C51\BIN\C51.EXE trace\trace.c BROWSE INCDIR(.\motor;.\trace;.\fireSensor) DEBUG OBJECTE
                    -XTEND PRINT(.\trace.lst) OBJECT(.\hex\trace.obj)

line level    source

   1           #include "trace.h"
   2          sbit qtiR=P0^3;
   3          sbit qtiMR=P0^4;
   4          sbit qtiML=P0^5;
   5          sbit qtiL=P0^6;
   6          void trace(void)
   7          {
   8   1              if(qtiR==0&&qtiL==0)
   9   1              {
  10   2                      if(qtiMR==qtiML)
  11   2                              motorAction(FORWARD,3);//直行
  12   2                      else if(qtiML==0&&qtiMR==1)
  13   2                              motorAction(RIGHT,3);//右
  14   2                      else
  15   2                              motorAction(LEFT,3);//左
  16   2              }
  17   1              else
  18   1              {
  19   2                      if(qtiR==0&qtiL==1)
  20   2                              motorAction(CCW,3);//逆时针
  21   2                      else if(qtiR==1&&qtiL==0)
  22   2                              motorAction(CW,3);//顺时
  23   2                      else
  24   2                              motorAction(FORWARD,3);//直行
  25   2              }
  26   1      }
  27          
  28          


MODULE INFORMATION:   STATIC OVERLAYABLE
   CODE SIZE        =     82    ----
   CONSTANT SIZE    =   ----    ----
   XDATA SIZE       =   ----    ----
   PDATA SIZE       =   ----    ----
   DATA SIZE        =   ----    ----
   IDATA SIZE       =   ----    ----
   BIT SIZE         =   ----    ----
END OF MODULE INFORMATION.


C51 COMPILATION COMPLETE.  0 WARNING(S),  0 ERROR(S)
